// Jest Snapshot v1, https://goo.gl/fbAQLP

exports[`Testing SafeAreaView component matches SafeAreaView snapshot 1`] = `
<RCTSafeAreaView
  emulateUnlessSupported={true}
  style={
    Array [
      Object {},
    ]
  }
/>
`;
