// Jest Snapshot v1, https://goo.gl/fbAQLP

exports[`Testing StatusBar component matches StatusBar snapshot 1`] = `null`;
