// Jest Snapshot v1, https://goo.gl/fbAQLP

exports[`Testing TouchableWithoutFeedback component matches TouchableWithoutFeedback snapshot 1`] = `
<Text
  accessible={true}
  focusable={false}
  onClick={[Function]}
  onResponderGrant={[Function]}
  onResponderMove={[Function]}
  onResponderRelease={[Function]}
  onResponderTerminate={[Function]}
  onResponderTerminationRequest={[Function]}
  onStartShouldSetResponder={[Function]}
>
  Hello World
</Text>
`;
